// Jest Snapshot v1, https://goo.gl/fbAQLP

exports[`PlaceCard correctly renders after relaunch 1`] = `
<article
  className="cities__place-card place-card"
  id={1}
  onMouseEnter={[Function]}
  onMouseLeave={[Function]}
>
  <div
    className="cities__image-wrapper place-card__image-wrapper"
  >
    <a
      href="/offer/1"
      onClick={[Function]}
    >
      <img
        alt="Place image"
        className="place-card__image"
        height={200}
        src="img/1.png"
        width={260}
      />
    </a>
  </div>
  <div
    className="place-card__info"
  >
    <div
      className="place-card__price-wrapper"
    >
      <div
        className="place-card__price"
      >
        <b
          className="place-card__price-value"
        >
          €
          120
        </b>
        <span
          className="place-card__price-text"
        >
          / night
        </span>
      </div>
      <button
        className="place-card__bookmark-button button"
        onClick={[Function]}
        type="button"
      >
        <svg
          className="place-card__bookmark-icon"
          height={19}
          width={18}
        >
          <use
            xlinkHref="#icon-bookmark"
          />
        </svg>
        <span
          className="visually-hidden"
        >
          To bookmarks
        </span>
      </button>
    </div>
    <div
      className="place-card__rating rating"
    >
      <div
        className="place-card__stars rating__stars"
      >
        <span
          style={
            Object {
              "width": "100%",
            }
          }
        />
        <span
          className="visually-hidden"
        >
          Rating
        </span>
      </div>
    </div>
    <a
      href="/offer/1"
      onClick={[Function]}
    >
      <h2
        className="place-card__name"
      >
        Beautiful & luxurious studio at great location
      </h2>
    </a>
    <p
      className="place-card__type"
    >
      apartment
    </p>
  </div>
</article>
`;
