// Jest Snapshot v1, https://goo.gl/fbAQLP

exports[`Map correctly renders after relaunch 1`] = `
<section
  className="cities__map map"
  id="map"
/>
`;
