// Jest Snapshot v1, https://goo.gl/fbAQLP

exports[`Favorites correctly renders after relaunch 1`] = `null`;
