// Jest Snapshot v1, https://goo.gl/fbAQLP

exports[`CitiesPlaces correctly renders after relaunch 1`] = `
<div
  className="cities__places-container container"
>
  <section
    className="cities__places places"
  >
    <h2
      className="visually-hidden"
    >
      Places
    </h2>
    <b
      className="places__found"
    >
      1
       places to stay in 
      Amsterdam
    </b>
    <form
      action="#"
      className="places__sorting"
      method="get"
    >
      <span
        className="places__sorting-caption"
      >
        Sort by
      </span>
      <span
        className="places__sorting-type"
        onClick={[Function]}
        tabIndex="0"
      >
        Â 
        Popular
        <svg
          className="places__sorting-arrow"
          height={4}
          width={7}
        >
          <use
            xlinkHref="#icon-arrow-select"
          />
        </svg>
      </span>
      <ul
        className="places__options places__options--custom"
      >
        <li
          className="places__option places__option--active"
          onClick={[Function]}
          tabIndex="0"
        >
          Popular
        </li>
      </ul>
    </form>
  </section>
  <div
    className="cities__right-section"
  />
</div>
`;
