// Jest Snapshot v1, https://goo.gl/fbAQLP

exports[`PlacesFound correctly renders after relaunch 1`] = `
<b
  className="places__found"
>
  1
   places to stay in 
  Amsterdam
</b>
`;
