// Jest Snapshot v1, https://goo.gl/fbAQLP

exports[`PlacesList correctly renders after relaunch 1`] = `
<div
  className="cities__places-list tabs__content places__list"
/>
`;
